api.Example:
service Example {
  rpc BidiStreaming ( stream .api.SimpleRequest ) returns ( stream .api.SimpleResponse );
  rpc ClientStreaming ( stream .api.SimpleRequest ) returns ( .api.SimpleResponse );
  rpc ServerStreaming ( .api.SimpleRequest ) returns ( stream .api.SimpleResponse );
  rpc Unary ( .api.SimpleRequest ) returns ( .api.SimpleResponse );
  rpc UnaryBytes ( .api.UnaryBytesRequest ) returns ( .api.SimpleResponse );
  rpc UnaryEnum ( .api.UnaryEnumRequest ) returns ( .api.SimpleResponse );
  rpc UnaryHeader ( .api.UnaryHeaderRequest ) returns ( .api.SimpleResponse );
  rpc UnaryHeaderTrailer ( .api.SimpleRequest ) returns ( .api.SimpleResponse );
  rpc UnaryHeaderTrailerFailure ( .api.SimpleRequest ) returns ( .api.SimpleResponse );
  rpc UnaryMap ( .api.UnaryMapRequest ) returns ( .api.SimpleResponse );
  rpc UnaryMapMessage ( .api.UnaryMapMessageRequest ) returns ( .api.SimpleResponse );
  rpc UnaryMessage ( .api.UnaryMessageRequest ) returns ( .api.SimpleResponse );
  rpc UnaryOneof ( .api.UnaryOneofRequest ) returns ( .api.SimpleResponse );
  rpc UnaryRepeated ( .api.UnaryRepeatedRequest ) returns ( .api.SimpleResponse );
  rpc UnaryRepeatedEnum ( .api.UnaryRepeatedEnumRequest ) returns ( .api.SimpleResponse );
  rpc UnaryRepeatedMessage ( .api.UnaryRepeatedMessageRequest ) returns ( .api.SimpleResponse );
  rpc UnarySelf ( .api.UnarySelfRequest ) returns ( .api.SimpleResponse );
  rpc UnaryWithMapResponse ( .api.SimpleRequest ) returns ( .api.MapResponse );
}
