{
  "message": "hello oumae, I greet 1 times."
}
{
  "message": "hello oumae, I greet 2 times."
}
{
  "message": "hello oumae, I greet 3 times."
}
{
  "message": "hello kousaka, I greet 1 times."
}
{
  "message": "hello kousaka, I greet 2 times."
}
{
  "message": "hello kousaka, I greet 3 times."
}
{
  "message": "hello kawashima, I greet 1 times."
}
{
  "message": "hello kawashima, I greet 2 times."
}
{
  "message": "hello kawashima, I greet 3 times."
}
{
  "message": "hello kato, I greet 1 times."
}
{
  "message": "hello kato, I greet 2 times."
}
{
  "message": "hello kato, I greet 3 times."
}

