{
  "message": "hello kaguya, I greet 1 times."
}
{
  "message": "hello kaguya, I greet 2 times."
}
{
  "message": "hello kaguya, I greet 3 times."
}
{
  "message": "hello chika, I greet 1 times."
}
{
  "message": "hello chika, I greet 2 times."
}
{
  "message": "hello chika, I greet 3 times."
}
{
  "message": "hello miko, I greet 1 times."
}
{
  "message": "hello miko, I greet 2 times."
}
{
  "message": "hello miko, I greet 3 times."
}

