api.Example.BidiStreaming
api.Example.ClientStreaming
api.Example.ServerStreaming
api.Example.Unary
api.Example.UnaryBytes
api.Example.UnaryEnum
api.Example.UnaryHeader
api.Example.UnaryHeaderTrailer
api.Example.UnaryHeaderTrailerFailure
api.Example.UnaryMap
api.Example.UnaryMapMessage
api.Example.UnaryMessage
api.Example.UnaryOneof
api.Example.UnaryRepeated
api.Example.UnaryRepeatedEnum
api.Example.UnaryRepeatedMessage
api.Example.UnarySelf
api.Example.UnaryWithMapResponse
