{
  "message": "hello kanade, I greet 1 times."
}
{
  "message": "hello kanade, I greet 2 times."
}
{
  "message": "hello kanade, I greet 3 times."
}
{
  "message": "hello ririka, I greet 1 times."
}
{
  "message": "hello ririka, I greet 2 times."
}
{
  "message": "hello ririka, I greet 3 times."
}
{
  "message": "hello , I greet 1 times."
}
{
  "message": "hello , I greet 2 times."
}
{
  "message": "hello , I greet 3 times."
}

