{
  "status": {
    "code": "Internal",
    "number": 13,
    "message": "internal error",
    "details": [
      {
        "@type": "type.googleapis.com/google.rpc.BadRequest",
        "fieldViolations": [
          {
            "description": "description",
            "field": "field"
          }
        ]
      },
      {
        "@type": "type.googleapis.com/google.rpc.PreconditionFailure",
        "violations": [
          {
            "description": "description",
            "subject": "subject",
            "type": "type"
          }
        ]
      }
    ]
  },
  "header": {
    "content-type": [
      "application/grpc"
    ],
    "header_key1": [
      "header_val1"
    ],
    "header_key2": [
      "header_val2"
    ]
  },
  "trailer": {
    "grpc-status-details-bin": [
      "\u0008\r\u0012\u000einternal error\u001aC\n)type.googleapis.com/google.rpc.BadRequest\u0012\u0016\n\u0014\n\u0005field\u0012\u000bdescription\u001aT\n2type.googleapis.com/google.rpc.PreconditionFailure\u0012\u001e\n\u001c\n\u0004type\u0012\u0007subject\u001a\u000bdescription"
    ],
    "trailer_key1": [
      "trailer_val1"
    ],
    "trailer_key2": [
      "trailer_val2"
    ]
  }
}
