+-------+--------------------------------+----------+
| FIELD |              TYPE              | REPEATED |
+-------+--------------------------------+----------+
| kvs   | map<TYPE_STRING, TYPE_MESSAGE  | false    |
|       | (Name)>                        |          |
+-------+--------------------------------+----------+

